  Γû▓ Next.js 14.2.15

   Creating an optimized production build ...
npx : <w> 
[webpack.cache.PackFileCacheStrategy] 
Skipped not serializable cache item 'Co
mpilation/modules|E:\orbitLead\node_mod
ules\next\dist\build\webpack\loaders\cs
s-loader\src\index.js??ruleSet[1].rules
[14].oneOf[12].use[2]!E:\orbitLead\node
_modules\next\dist\build\webpack\loader
s\postcss-loader\src\index.js??ruleSet[
1].rules[14].oneOf[12].use[3]!E:\orbitL
ead\app\globals.css': No serializer 
registered for PostCSSSyntaxError
At line:1 char:1
+ npx next build > build_output.txt 
2>&1
+ 
~~~~~~~~~~~~~~~~~~~~~~~~~~~~~~~~~~~~~~
    + CategoryInfo          : NotSpeci 
   fied: (<w> [webpack.ca...tCSSSynta  
  xError:String) [], RemoteException
    + FullyQualifiedErrorId : NativeCo 
   mmandError
 
<w> while serializing webpack/lib/cache
/PackFileCacheStrategy.PackContentItems
 -> webpack/lib/NormalModule -> 
webpack/lib/ModuleBuildError -> 
PostCSSSyntaxError
Failed to compile.

./app/globals.css:1:1
Syntax error: 
E:\orbitLead\app\globals.css The 
`outline-ring/50` class does not 
exist. If `outline-ring/50` is a 
custom class, make sure it is defined 
within a `@layer` directive.

[1m[31m>[39m[22m[90m 1 | 
[39m[36m@tailwind[39m 
base[33m;[39m
 [90m   | [39m[1m[31m^[39m[22m
 [90m 2 | [39m[36m@tailwind[39m 
components[33m;[39m
 [90m 3 | [39m[36m@tailwind[39m 
utilities[33m;[39m

./app/globals.css
Syntax error: 
E:\orbitLead\app\globals.css The 
`border-border` class does not exist. 
If `border-border` is a custom class, 
make sure it is defined within a 
`@layer` directive. (3:1)

 [90m 1 | [39m[36m@import[39m 
[32m"tw-animate-css"[39m[33m;[39m
 [90m 2 | [39m[36m@import[39m [32m
"shadcn/tailwind.css"[39m[33m;[39m
[1m[31m>[39m[22m[90m 3 | 
[39m[36m@tailwind[39m 
base[33m;[39m
 [90m   | [39m[1m[31m^[39m[22m
 [90m 4 | [39m[36m@tailwind[39m 
components[33m;[39m
 [90m 5 | [39m[36m@tailwind[39m 
utilities[33m;[39m

    at tryRunOrWebpackError (E:\orbitLe
ad\node_modules\next\dist\compiled\webp
ack\bundle5.js:28:312989)
    at __webpack_require_module__ (E:\o
rbitLead\node_modules\next\dist\compile
d\webpack\bundle5.js:28:131165)
    at 
__nested_webpack_require_153728__ (E:\o
rbitLead\node_modules\next\dist\compile
d\webpack\bundle5.js:28:130607)
    at E:\orbitLead\node_modules\next\d
ist\compiled\webpack\bundle5.js:28:1314
54
    at symbolIterator (E:\orbitLead\nod
e_modules\next\dist\compiled\neo-async\
async.js:1:14444)
    at done (E:\orbitLead\node_modules\
next\dist\compiled\neo-async\async.js:1
:14824)
    at Hook.eval [as callAsync] (eval 
at create (E:\orbitLead\node_modules\ne
xt\dist\compiled\webpack\bundle5.js:13:
28858), <anonymous>:15:1)
    at Hook.CALL_ASYNC_DELEGATE [as 
_callAsync] (E:\orbitLead\node_modules\
next\dist\compiled\webpack\bundle5.js:1
3:26012)
    at E:\orbitLead\node_modules\next\d
ist\compiled\webpack\bundle5.js:28:1303
28
    at symbolIterator (E:\orbitLead\nod
e_modules\next\dist\compiled\neo-async\
async.js:1:14402)
-- inner error --
Syntax error: 
E:\orbitLead\app\globals.css The 
`border-border` class does not exist. 
If `border-border` is a custom class, 
make sure it is defined within a 
`@layer` directive. (3:1)

 [90m 1 | [39m[36m@import[39m 
[32m"tw-animate-css"[39m[33m;[39m
 [90m 2 | [39m[36m@import[39m [32m
"shadcn/tailwind.css"[39m[33m;[39m
[1m[31m>[39m[22m[90m 3 | 
[39m[36m@tailwind[39m 
base[33m;[39m
 [90m   | [39m[1m[31m^[39m[22m
 [90m 4 | [39m[36m@tailwind[39m 
components[33m;[39m
 [90m 5 | [39m[36m@tailwind[39m 
utilities[33m;[39m

    at Object.<anonymous> (E:\orbitLead
\node_modules\next\dist\build\webpack\l
oaders\css-loader\src\index.js??ruleSet
[1].rules[14].oneOf[12].use[2]!E:\orbit
Lead\node_modules\next\dist\build\webpa
ck\loaders\postcss-loader\src\index.js?
?ruleSet[1].rules[14].oneOf[12].use[3]!
E:\orbitLead\app\globals.css:1:7)
    at E:\orbitLead\node_modules\next\d
ist\compiled\webpack\bundle5.js:28:9224
93
    at Hook.eval [as call] (eval at 
create (E:\orbitLead\node_modules\next\
dist\compiled\webpack\bundle5.js:13:286
36), <anonymous>:7:1)
    at Hook.CALL_DELEGATE [as _call] (E
:\orbitLead\node_modules\next\dist\comp
iled\webpack\bundle5.js:13:25906)
    at E:\orbitLead\node_modules\next\d
ist\compiled\webpack\bundle5.js:28:1311
98
    at tryRunOrWebpackError (E:\orbitLe
ad\node_modules\next\dist\compiled\webp
ack\bundle5.js:28:312943)
    at __webpack_require_module__ (E:\o
rbitLead\node_modules\next\dist\compile
d\webpack\bundle5.js:28:131165)
    at 
__nested_webpack_require_153728__ (E:\o
rbitLead\node_modules\next\dist\compile
d\webpack\bundle5.js:28:130607)
    at E:\orbitLead\node_modules\next\d
ist\compiled\webpack\bundle5.js:28:1314
54
    at symbolIterator (E:\orbitLead\nod
e_modules\next\dist\compiled\neo-async\
async.js:1:14444)

Generated code for E:\orbitLead\node_mo
dules\next\dist\build\webpack\loaders\c
ss-loader\src\index.js??ruleSet[1].rule
s[14].oneOf[12].use[2]!E:\orbitLead\nod
e_modules\next\dist\build\webpack\loade
rs\postcss-loader\src\index.js??ruleSet
[1].rules[14].oneOf[12].use[3]!E:\orbit
Lead\app\globals.css

Import trace for requested module:
./app/globals.css


> Build failed because of webpack 
errors
